[INFO]: 🎯  Checking for the Wasm target...
[INFO]: 🌀  Compiling to Wasm...
    Blocking waiting for file lock on package cache
    Blocking waiting for file lock on package cache
    Blocking waiting for file lock on package cache
    Blocking waiting for file lock on package cache
   Compiling unicode-ident v1.0.24
   Compiling proc-macro2 v1.0.106
   Compiling quote v1.0.45
   Compiling libm v0.2.16
   Compiling autocfg v1.5.0
   Compiling crc32fast v1.5.0
   Compiling syn v2.0.117
   Compiling stable_deref_trait v1.2.1
   Compiling cfg-if v1.0.4
   Compiling bytemuck_derive v1.10.2
   Compiling displaydoc v0.2.5
   Compiling rustversion v1.0.22
   Compiling synstructure v0.13.2
   Compiling version_check v0.9.5
   Compiling zerofrom-derive v0.1.6
   Compiling wasm-bindgen-shared v0.2.114
   Compiling yoke-derive v0.8.1
   Compiling zerofrom v0.1.6
   Compiling memchr v2.8.0
   Compiling yoke v0.8.1
   Compiling bytemuck v1.25.0
   Compiling zerovec-derive v0.11.2
   Compiling num-traits v0.2.19
   Compiling smallvec v1.15.1
   Compiling thiserror v2.0.18
   Compiling portable-atomic v1.13.1
   Compiling zerovec v0.11.5
   Compiling thiserror-impl v2.0.18
   Compiling core_maths v0.1.1
   Compiling allocator-api2 v0.2.21
   Compiling arrayvec v0.7.6
   Compiling crossbeam-utils v0.8.21
   Compiling bumpalo v3.20.2
   Compiling equivalent v1.0.2
   Compiling wasm-bindgen v0.2.114
   Compiling wasm-bindgen-macro-support v0.2.114
   Compiling once_cell v1.21.4
   Compiling tinystr v0.8.2
   Compiling writeable v0.6.2
   Compiling wasm-bindgen-macro v0.2.114
   Compiling simd-adler32 v0.3.8
   Compiling heck v0.5.0
   Compiling litemap v0.8.1
   Compiling foldhash v0.2.0
   Compiling hashbrown v0.16.1
   Compiling icu_locale_core v2.1.1
   Compiling crossbeam-epoch v0.9.18
   Compiling libc v0.2.183
   Compiling rayon-core v1.13.0
   Compiling log v0.4.29
   Compiling js-sys v0.3.91
   Compiling crossbeam-deque v0.8.6
   Compiling adler2 v2.0.1
   Compiling unicode-segmentation v1.12.0
   Compiling convert_case v0.10.0
   Compiling miniz_oxide v0.8.9
   Compiling unicode-xid v0.2.6
   Compiling either v1.15.0
   Compiling derive_more-impl v2.1.1
   Compiling ttf-parser v0.25.1
   Compiling flate2 v1.1.9
   Compiling strum_macros v0.27.2
   Compiling font-types v0.10.1
   Compiling slotmap v1.1.1
   Compiling equator-macro v0.4.2
   Compiling pkg-config v0.3.32
   Compiling yeslogic-fontconfig-sys v6.0.0
   Compiling equator v0.4.2
   Compiling read-fonts v0.35.0
   Compiling rayon v1.11.0
   Compiling fdeflate v0.3.7
   Compiling num-integer v0.1.46
   Compiling libloading v0.8.9
   Compiling semver v1.0.27
   Compiling anyhow v1.0.102
   Compiling rustc_version v0.4.1
   Compiling dlib v0.5.3
   Compiling num-bigint v0.4.6
   Compiling aligned-vec v0.6.4
   Compiling web-sys v0.3.91
   Compiling potential_utf v0.1.4
   Compiling zerotrie v0.2.3
   Compiling memoffset v0.9.1
   Compiling zerocopy v0.8.42
   Compiling icu_normalizer_data v2.1.1
   Compiling icu_properties_data v2.1.2
   Compiling winnow v0.7.15
   Compiling float-cmp v0.9.0
   Compiling strict-num v0.1.1
   Compiling toml_parser v1.0.9+spec-1.1.0
   Compiling icu_provider v2.1.1
   Compiling icu_collections v2.1.1
   Compiling v_frame v0.3.9
   Compiling num-rational v0.4.2
   Compiling field-offset v0.3.6
   Compiling memmap2 v0.9.10
   Compiling euclid v0.22.13
   Compiling indexmap v2.13.0
   Compiling zerocopy-derive v0.8.42
   Compiling as-slice v0.2.1
   Compiling paste v1.0.15
   Compiling zune-core v0.5.1
   Compiling byteorder-lite v0.1.0
   Compiling arrayref v0.3.9
   Compiling built v0.8.0
   Compiling quick-error v2.0.1
   Compiling bitflags v2.11.0
   Compiling serde_core v1.0.228
   Compiling av-scenechange v0.14.1
   Compiling zmij v1.0.21
   Compiling linebender_resource_handle v0.1.1
   Compiling tinyvec_macros v0.1.1
   Compiling tinyvec v1.10.0
   Compiling fontique v0.7.0
   Compiling rav1e v0.8.1
   Compiling tiny-skia-path v0.11.4
   Compiling zune-jpeg v0.5.13
   Compiling aligned v0.4.3
   Compiling lyon_geom v1.0.19
   Compiling kurbo v0.13.0
   Compiling nom v8.0.0
   Compiling core2 v0.4.0
   Compiling arg_enum_proc_macro v0.3.4
   Compiling profiling-procmacros v1.0.17
   Compiling slab v0.4.12
   Compiling siphasher v1.0.2
   Compiling y4m v0.8.0
   Compiling weezl v0.1.12
   Compiling pastey v0.1.1
   Compiling toml_datetime v1.0.0+spec-1.1.0
   Compiling pxfm v0.1.28
   Compiling unicode-ccc v0.4.0
   Compiling bitflags v1.3.2
   Compiling unicode-bidi-mirroring v0.4.0
   Compiling unicode-script v0.5.8
   Compiling serde_json v1.0.149
   Compiling unicode-properties v0.1.4
   Compiling moxcms v0.8.1
   Compiling rustybuzz v0.20.1
   Compiling png v0.17.16
   Compiling toml_edit v0.25.4+spec-1.1.0
   Compiling svgtypes v0.16.1
   Compiling profiling v1.0.17
   Compiling av1-grain v0.2.5
   Compiling bitstream-io v4.9.0
   Compiling half v2.7.1
   Compiling icu_properties v2.1.2
   Compiling icu_normalizer v2.1.1
   Compiling lyon_path v1.0.19
   Compiling i-slint-common v1.15.1
   Compiling fontdb v0.23.0
   Compiling roxmltree v0.21.1
   Compiling skrifa v0.37.0
   Compiling png v0.18.1
   Compiling maybe-rayon v0.1.1
   Compiling simplecss v0.2.2
   Compiling itertools v0.14.0
   Compiling rgb v0.8.53
   Compiling num-derive v0.4.2
   Compiling pin-project-internal v1.1.11
   Compiling const-field-offset-macro v0.1.5
   Compiling fax_derive v0.2.0
   Compiling simd_helpers v0.1.0
   Compiling new_debug_unreachable v1.0.6
   Compiling base64 v0.22.1
   Compiling noop_proc_macro v0.3.0
   Compiling unicode-bidi v0.3.18
   Compiling color_quant v1.1.0
   Compiling pico-args v0.5.0
   Compiling data-url v0.3.2
   Compiling xmlwriter v0.1.0
   Compiling pulldown-cmark v0.13.1
   Compiling imagesize v0.14.0
   Compiling itoa v1.0.17
   Compiling imgref v1.12.0
   Compiling unicode-width v0.2.2
   Compiling unicode-vo v0.1.0
   Compiling getopts v0.2.24
   Compiling usvg v0.46.0
   Compiling loop9 v0.1.5
   Compiling gif v0.14.1
   Compiling image-webp v0.2.4
   Compiling fax v0.2.6
   Compiling pin-project v1.1.11
   Compiling const-field-offset v0.1.5
   Compiling swash v0.2.6
   Compiling image v0.25.10
   Compiling idna_adapter v1.2.1
   Compiling proc-macro-crate v3.5.0
   Compiling tiny-skia v0.11.4
   Compiling harfrust v0.3.2
   Compiling web-time v1.1.0
   Compiling snafu-derive v0.8.9
   Compiling zune-inflate v0.2.54
   Compiling avif-serialize v0.8.8
   Compiling vtable-macro v0.3.0
   Compiling derive_utils v0.15.1
   Compiling unicase v2.9.0
   Compiling foldhash v0.1.5
   Compiling rspolib v0.1.2
   Compiling lebe v0.5.3
   Compiling percent-encoding v2.3.2
   Compiling bit_field v0.10.3
   Compiling pulldown-cmark-escape v0.11.0
   Compiling pin-project-lite v0.2.17
   Compiling cfg_aliases v0.2.1
   Compiling utf8_iter v1.0.4
   Compiling idna v1.1.0
   Compiling exr v1.74.0
   Compiling form_urlencoded v1.2.2
   Compiling vtable v0.3.0
   Compiling hashbrown v0.15.5
   Compiling auto_enums v0.8.8
   Compiling ravif v0.13.0
   Compiling snafu v0.8.9
   Compiling parley v0.7.0
   Compiling resvg v0.46.0
   Compiling num_enum_derive v0.7.5
   Compiling lyon_extra v1.1.0
   Compiling tiff v0.11.3
   Compiling i-slint-core-macros v1.15.1
   Compiling lyon_algorithms v1.0.19
   Compiling sys-locale v0.3.2
   Compiling clru v0.6.3
   Compiling strum v0.27.2
   Compiling derive_more v2.1.1
   Compiling chrono v0.4.44
   Compiling qoi v0.4.1
   Compiling unicode-linebreak v0.1.5
   Compiling natord v1.0.9
   Compiling ttf-parser v0.21.1
   Compiling pin-weak v1.1.0
   Compiling anstyle v1.0.13
   Compiling rustc-hash v1.1.0
   Compiling scopeguard v1.2.0
   Compiling countme v3.0.1
   Compiling i-slint-compiler v1.15.1
   Compiling text-size v1.1.1
   Compiling lazy_static v1.5.0
   Compiling htmlparser v0.2.1
   Compiling scoped-tls-hkt v0.1.5
   Compiling linked-hash-map v0.5.6
   Compiling hashbrown v0.14.5
   Compiling linked_hash_set v0.1.6
   Compiling i-slint-core v1.15.1
   Compiling rowan v0.16.1
   Compiling annotate-snippets v0.12.13
   Compiling fontdue v0.9.3
   Compiling num_enum v0.7.5
   Compiling url v2.5.8
   Compiling tracing-core v0.1.36
   Compiling by_address v1.2.1
   Compiling pin-utils v0.1.0
   Compiling typed-index-collections v3.5.0
   Compiling smol_str v0.3.6
   Compiling futures-task v0.3.32
   Compiling futures-core v0.3.32
   Compiling futures-util v0.3.32
   Compiling spin_on v0.1.1
   Compiling tracing v0.1.44
   Compiling winit v0.30.13
   Compiling glow v0.16.0
   Compiling i-slint-backend-qt v1.15.1
   Compiling fnv v1.0.7
   Compiling raw-window-handle v0.6.2
   Compiling femtovg v0.20.4
   Compiling wasm-bindgen-futures v0.4.64
   Compiling i-slint-backend-winit v1.15.1
   Compiling integer-sqrt v0.1.5
   Compiling toml_datetime v0.7.5+spec-1.1.0
   Compiling cursor-icon v1.2.0
   Compiling zeno v0.3.3
   Compiling dpi v0.1.2
   Compiling toml_writer v1.0.6+spec-1.1.0
   Compiling smol_str v0.2.2
   Compiling toml_edit v0.24.1+spec-1.1.0
   Compiling i-slint-renderer-software v1.15.1
   Compiling i-slint-renderer-femtovg v1.15.1
   Compiling softbuffer v0.4.8
error[E0308]: arguments to this method are incorrect
    --> /home/codespace/.cargo/registry/src/index.crates.io-1949cf8c6b5b557f/softbuffer-0.4.8/src/backends/web.rs:347:47
     |
 347 | .... } => ctx.get_image_data(sx, sy, sw, sh),
     |               ^^^^^^^^^^^^^^ --  --  --  -- expected `i32`, found `f64`
     |                              |   |   |
     |                              |   |   expected `i32`, found `f64`
     |                              |   expected `i32`, found `f64`
     |                              expected `i32`, found `f64`
     |
note: method defined here
    --> /home/codespace/.cargo/registry/src/index.crates.io-1949cf8c6b5b557f/web-sys-0.3.91/src/features/gen_CanvasRenderingContext2d.rs:1070:12
     |
1070 |     pub fn get_image_data(
     |            ^^^^^^^^^^^^^^


error[E0308]: arguments to this method are incorrect
    --> /home/codespace/.cargo/registry/src/index.crates.io-1949cf8c6b5b557f/softbuffer-0.4.8/src/backends/web.rs:348:56
     |
 348 | .... } => ctx.get_image_data(sx, sy, sw, sh),
     |               ^^^^^^^^^^^^^^ --  --  --  -- expected `i32`, found `f64`
     |                              |   |   |
     |                              |   |   expected `i32`, found `f64`
     |                              |   expected `i32`, found `f64`
     |                              expected `i32`, found `f64`
     |
note: method defined here
    --> /home/codespace/.cargo/registry/src/index.crates.io-1949cf8c6b5b557f/web-sys-0.3.91/src/features/gen_OffscreenCanvasRenderingContext2d.rs:1027:12
     |
1027 |     pub fn get_image_data(
     |            ^^^^^^^^^^^^^^


error[E0308]: arguments to this method are incorrect
    --> /home/codespace/.cargo/registry/src/index.crates.io-1949cf8c6b5b557f/softbuffer-0.4.8/src/backends/web.rs:367:18
     |
 367 | ...  .put_image_data_with_dirty_x_and_dirty_y_and_dirty_width_and_dirty_height(
     |       ^^^^^^^^^^^^^^^^^^^^^^^^^^^^^^^^^^^^^^^^^^^^^^^^^^^^^^^^^^^^^^^^^^^^^^^^
 368 | ...      imagedata, dx, dy, dirty_x, dirty_y, width, height,
     |                     --  --  -------  -------  -----  ------ expected `i32`, found `f64`
     |                     |   |   |        |        |
     |                     |   |   |        |        expected `i32`, found `f64`
     |                     |   |   |        expected `i32`, found `f64`
     |                     |   |   expected `i32`, found `f64`
     |                     |   expected `i32`, found `f64`
     |                     expected `i32`, found `f64`
     |
note: method defined here
    --> /home/codespace/.cargo/registry/src/index.crates.io-1949cf8c6b5b557f/web-sys-0.3.91/src/features/gen_CanvasRenderingContext2d.rs:1137:12
     |
1137 | ...fn put_image_data_with_dirty_x_and_dirty_y_and_dirty_width_and_dirty_height(
     |       ^^^^^^^^^^^^^^^^^^^^^^^^^^^^^^^^^^^^^^^^^^^^^^^^^^^^^^^^^^^^^^^^^^^^^^^^


error[E0308]: arguments to this method are incorrect
    --> /home/codespace/.cargo/registry/src/index.crates.io-1949cf8c6b5b557f/softbuffer-0.4.8/src/backends/web.rs:371:18
     |
 371 | ...  .put_image_data_with_dirty_x_and_dirty_y_and_dirty_width_and_dirty_height(
     |       ^^^^^^^^^^^^^^^^^^^^^^^^^^^^^^^^^^^^^^^^^^^^^^^^^^^^^^^^^^^^^^^^^^^^^^^^
 372 | ...      imagedata, dx, dy, dirty_x, dirty_y, width, height,
     |                     --  --  -------  -------  -----  ------ expected `i32`, found `f64`
     |                     |   |   |        |        |
     |                     |   |   |        |        expected `i32`, found `f64`
     |                     |   |   |        expected `i32`, found `f64`
     |                     |   |   expected `i32`, found `f64`
     |                     |   expected `i32`, found `f64`
     |                     expected `i32`, found `f64`
     |
note: method defined here
    --> /home/codespace/.cargo/registry/src/index.crates.io-1949cf8c6b5b557f/web-sys-0.3.91/src/features/gen_OffscreenCanvasRenderingContext2d.rs:1094:12
     |
1094 | ...fn put_image_data_with_dirty_x_and_dirty_y_and_dirty_width_and_dirty_height(
     |       ^^^^^^^^^^^^^^^^^^^^^^^^^^^^^^^^^^^^^^^^^^^^^^^^^^^^^^^^^^^^^^^^^^^^^^^^


For more information about this error, try `rustc --explain E0308`.

error: could not compile `softbuffer` (lib) due to 4 previous errors
warning: build failed, waiting for other jobs to finish...
Error: `cargo build` failed, see the output above for details
Caused by: `cargo build` failed, see the output above for details
